2026-05-17 11:20:48,888 - ERROR Error while reading YAML file
2026-05-17 11:26:50,881 - ERROR Error while reading YAML file
2026-05-17 11:27:24,262 - INFO Successfully read the YAML file
2026-05-17 11:28:09,646 - INFO Successfully read the YAML file
2026-05-17 11:29:06,262 - INFO Successfully read the YAML file
2026-05-17 11:29:06,262 - INFO Data Ingestion Started ....
2026-05-17 11:29:06,263 - INFO Starting Data Ingestion Process ....
2026-05-17 11:29:18,338 - ERROR Error while downloading data from gcp
2026-05-17 11:29:18,339 - ERROR Custom Exception Failed to download data
2026-05-17 11:29:18,339 - INFO Data Ingestion Done
2026-05-17 11:34:48,677 - INFO Successfully read the YAML file
2026-05-17 11:34:48,677 - INFO Data Ingestion Started ....
2026-05-17 11:34:48,677 - INFO Starting Data Ingestion Process ....
2026-05-17 11:35:00,554 - ERROR Error while downloading data from gcp
2026-05-17 11:35:00,555 - ERROR Custom Exception Failed to download data
2026-05-17 11:35:00,555 - INFO Data Ingestion Done
2026-05-17 11:36:18,186 - INFO Successfully read the YAML file
2026-05-17 11:36:18,186 - INFO Data Ingestion Started ....
2026-05-17 11:36:18,186 - INFO Starting Data Ingestion Process ....
2026-05-17 11:36:30,097 - ERROR Error while downloading data from gcp
2026-05-17 11:36:30,097 - ERROR Custom Exception Failed to download data
2026-05-17 11:36:30,098 - INFO Data Ingestion Done
2026-05-17 11:36:38,245 - INFO Successfully read the YAML file
2026-05-17 11:36:38,245 - INFO Data Ingestion Started ....
2026-05-17 11:36:38,245 - INFO Starting Data Ingestion Process ....
2026-05-17 11:36:50,029 - ERROR Error while downloading data from gcp
2026-05-17 11:36:50,029 - ERROR Custom Exception Failed to download data
2026-05-17 11:36:50,030 - INFO Data Ingestion Done
2026-05-17 11:38:10,939 - INFO Successfully read the YAML file
2026-05-17 11:38:10,939 - INFO Data Ingestion Started ....
2026-05-17 11:38:10,939 - INFO Starting Data Ingestion Process ....
2026-05-17 11:38:23,229 - ERROR Error while downloading data from gcp
2026-05-17 11:38:23,229 - ERROR Custom Exception Failed to download data
2026-05-17 11:38:23,230 - INFO Data Ingestion Done
2026-05-17 11:38:28,179 - INFO Successfully read the YAML file
2026-05-17 11:38:28,180 - INFO Data Ingestion Started ....
2026-05-17 11:38:28,180 - INFO Starting Data Ingestion Process ....
2026-05-17 11:38:40,145 - ERROR Error while downloading data from gcp
2026-05-17 11:38:40,145 - ERROR Custom Exception Failed to download data
2026-05-17 11:38:40,145 - INFO Data Ingestion Done
2026-05-17 11:40:31,839 - INFO Successfully read the YAML file
2026-05-17 11:40:31,839 - INFO Data Ingestion Started ....
2026-05-17 11:40:31,840 - INFO Starting Data Ingestion Process ....
2026-05-17 11:40:44,020 - ERROR Error while downloading data from gcp
2026-05-17 11:40:44,020 - ERROR Custom Exception Failed to download data
2026-05-17 11:40:44,020 - INFO Data Ingestion Done
2026-05-17 11:42:07,585 - INFO Successfully read the YAML file
2026-05-17 11:42:07,586 - INFO Data Ingestion Started ....
2026-05-17 11:42:07,586 - INFO Starting Data Ingestion Process ....
2026-05-17 11:42:19,731 - ERROR Error while downloading data from gcp
2026-05-17 11:42:19,731 - ERROR Custom Exception Failed to download data
2026-05-17 11:42:19,731 - INFO Data Ingestion Done
2026-05-17 11:47:49,031 - INFO Successfully read the YAML file
2026-05-17 11:47:49,031 - INFO Data Ingestion Started ....
2026-05-17 11:47:49,032 - INFO Starting Data Ingestion Process ....
2026-05-17 11:48:01,303 - ERROR Error while downloading data from gcp
2026-05-17 11:48:01,303 - ERROR Custom Exception Failed to download data
2026-05-17 11:48:01,304 - INFO Data Ingestion Done
2026-05-17 11:49:59,938 - INFO Successfully read the YAML file
2026-05-17 11:49:59,938 - INFO Data Ingestion Started ....
2026-05-17 11:49:59,938 - INFO Starting Data Ingestion Process ....
2026-05-17 11:50:12,028 - ERROR Error while downloading data from gcp
2026-05-17 11:50:12,028 - ERROR Custom Exception Failed to download data
2026-05-17 11:50:12,028 - INFO Data Ingestion Done
2026-05-17 11:50:21,106 - INFO Successfully read the YAML file
2026-05-17 11:50:21,106 - INFO Data Ingestion Started ....
2026-05-17 11:50:21,107 - INFO Starting Data Ingestion Process ....
2026-05-17 11:50:24,226 - INFO Data Ingestion done for Smaller files
2026-05-17 11:50:26,955 - INFO Data Ingestion done for Smaller files
2026-05-17 11:54:03,141 - INFO Selective Data Ingestion done for larger file
2026-05-17 11:54:03,154 - INFO Data Ingestion Completed ...
2026-05-17 11:54:03,155 - INFO Data Ingestion Done
